#-----------------------------------------------------------
# Vivado v2018.3 (64-bit)
# SW Build 2405991 on Thu Dec  6 23:38:27 MST 2018
# IP Build 2404404 on Fri Dec  7 01:43:56 MST 2018
# Start of session at: Thu Oct 13 09:26:30 2022
# Process ID: 10516
# Current directory: E:/xintu_work/ram/ram
# Command line: vivado.exe -gui_launcher_event rodinguilauncherevent16332 E:\xintu_work\ram\ram\ram.xpr
# Log file: E:/xintu_work/ram/ram/vivado.log
# Journal file: E:/xintu_work/ram/ram\vivado.jou
#-----------------------------------------------------------
start_gui
open_project E:/xintu_work/ram/ram/ram.xpr
update_compile_order -fileset sources_1
reset_run synth_1
launch_runs synth_1 -jobs 10
wait_on_run synth_1
reset_run synth_1
launch_runs synth_1 -jobs 10
wait_on_run synth_1
reset_run synth_1
launch_runs synth_1 -jobs 10
wait_on_run synth_1
reset_run synth_1
launch_runs synth_1 -jobs 10
wait_on_run synth_1
reset_run synth_1
launch_runs synth_1 -jobs 10
wait_on_run synth_1
reset_run synth_1
launch_runs synth_1 -jobs 10
wait_on_run synth_1
reset_run synth_1
launch_runs synth_1 -jobs 10
wait_on_run synth_1
reset_run synth_1
launch_runs synth_1 -jobs 10
wait_on_run synth_1
launch_runs impl_1 -jobs 10
wait_on_run impl_1
open_run impl_1
reset_run synth_1
launch_runs synth_1 -jobs 10
wait_on_run synth_1
close_design
reset_run synth_1
launch_runs synth_1 -jobs 10
wait_on_run synth_1
reset_run synth_1
launch_runs synth_1 -jobs 10
wait_on_run synth_1
reset_run synth_1
launch_runs synth_1 -jobs 10
wait_on_run synth_1
reset_run synth_1
launch_runs synth_1 -jobs 10
wait_on_run synth_1
reset_run synth_1
launch_runs synth_1 -jobs 10
wait_on_run synth_1
reset_run synth_1
launch_runs synth_1 -jobs 10
wait_on_run synth_1
reset_run synth_1
launch_runs synth_1 -jobs 10
wait_on_run synth_1
reset_run synth_1
launch_runs synth_1 -jobs 10
wait_on_run synth_1
reset_run synth_1
launch_runs synth_1 -jobs 10
wait_on_run synth_1
reset_run synth_1
launch_runs synth_1 -jobs 10
wait_on_run synth_1
reset_run synth_1
launch_runs synth_1 -jobs 10
wait_on_run synth_1
reset_run synth_1
launch_runs synth_1 -jobs 10
wait_on_run synth_1
reset_run synth_1
launch_runs impl_1 -jobs 10
wait_on_run impl_1
open_run impl_1
reset_run synth_1
launch_runs impl_1 -jobs 10
wait_on_run impl_1
refresh_design
reset_run synth_1
launch_runs impl_1 -jobs 10
wait_on_run impl_1
refresh_design
reset_run synth_1
launch_runs impl_1 -jobs 10
wait_on_run impl_1
refresh_design
reset_run synth_1
launch_runs impl_1 -jobs 10
wait_on_run impl_1
reset_run synth_1
launch_runs impl_1 -jobs 10
wait_on_run impl_1
reset_run synth_1
launch_runs impl_1 -jobs 10
wait_on_run impl_1
reset_run synth_1
launch_runs impl_1 -jobs 10
wait_on_run impl_1
reset_run synth_1
launch_runs impl_1 -jobs 10
wait_on_run impl_1
reset_run synth_1
launch_runs impl_1 -jobs 10
wait_on_run impl_1
reset_run synth_1
launch_runs impl_1 -jobs 10
wait_on_run impl_1
reset_run synth_1
launch_runs impl_1 -jobs 10
wait_on_run impl_1
reset_run synth_1
launch_runs impl_1 -jobs 10
wait_on_run impl_1
reset_run synth_1
launch_runs impl_1 -jobs 10
wait_on_run impl_1
reset_run synth_1
launch_runs impl_1 -jobs 10
wait_on_run impl_1
reset_run synth_1
launch_runs impl_1 -jobs 10
wait_on_run impl_1
reset_run synth_1
launch_runs impl_1 -jobs 10
wait_on_run impl_1
reset_run synth_1
launch_runs impl_1 -jobs 10
wait_on_run impl_1
refresh_design
reset_run synth_1
launch_runs impl_1 -jobs 10
wait_on_run impl_1
reset_run synth_1
launch_runs impl_1 -jobs 10
wait_on_run impl_1
reset_run synth_1
launch_runs impl_1 -jobs 10
wait_on_run impl_1
close_design
reset_run synth_1
launch_runs impl_1 -jobs 10
wait_on_run impl_1
reset_run synth_1
launch_runs impl_1 -jobs 10
wait_on_run impl_1
reset_run synth_1
launch_runs impl_1 -jobs 10
wait_on_run impl_1
set_property is_enabled true [get_files  E:/xintu_work/ram/ram/ram.srcs/sources_1/new/sp_ram.v]
update_compile_order -fileset sources_1
set_property is_enabled false [get_files  E:/xintu_work/ram/ram/ram.srcs/sources_1/new/tdp_ram.v]
update_compile_order -fileset sources_1
reset_run synth_1
launch_runs impl_1 -jobs 10
wait_on_run impl_1
open_run impl_1
set_property is_enabled false [get_files  E:/xintu_work/ram/ram/ram.srcs/sources_1/new/sp_ram.v]
set_property is_enabled true [get_files  E:/xintu_work/ram/ram/ram.srcs/sources_1/new/tdp_ram.v]
reset_run synth_1
launch_runs impl_1 -jobs 10
wait_on_run impl_1
reset_run synth_1
launch_runs impl_1 -jobs 10
wait_on_run impl_1
refresh_design
open_run synth_1 -name synth_1
synth_design -rtl -name rtl_1
current_design impl_1
reset_run synth_1
launch_runs impl_1 -jobs 10
wait_on_run impl_1
current_design synth_1
reset_run synth_1
launch_runs impl_1 -jobs 10
wait_on_run impl_1
current_design impl_1
refresh_design
current_design synth_1
current_design impl_1
current_design rtl_1
current_design synth_1
current_design impl_1
reset_run synth_1
launch_runs impl_1 -jobs 10
wait_on_run impl_1
refresh_design
reset_run synth_1
launch_runs impl_1 -jobs 10
wait_on_run impl_1
reset_run synth_1
launch_runs impl_1 -jobs 10
wait_on_run impl_1
reset_run synth_1
launch_runs impl_1 -jobs 10
wait_on_run impl_1
reset_run synth_1
launch_runs impl_1 -jobs 10
wait_on_run impl_1
refresh_design
reset_run synth_1
launch_runs impl_1 -jobs 10
wait_on_run impl_1
refresh_design
reset_run synth_1
launch_runs impl_1 -jobs 10
wait_on_run impl_1
reset_run synth_1
launch_runs impl_1 -jobs 10
wait_on_run impl_1
refresh_design
reset_run synth_1
launch_runs impl_1 -jobs 10
wait_on_run impl_1
reset_run synth_1
launch_runs impl_1 -jobs 10
wait_on_run impl_1
reset_run synth_1
launch_runs impl_1 -jobs 10
wait_on_run impl_1
refresh_design
reset_run synth_1
launch_runs impl_1 -jobs 10
wait_on_run impl_1
refresh_design
reset_run synth_1
launch_runs impl_1 -jobs 10
wait_on_run impl_1
reset_run synth_1
launch_runs impl_1 -jobs 10
wait_on_run impl_1
refresh_design
reset_run synth_1
launch_runs impl_1 -jobs 10
wait_on_run impl_1
reset_run synth_1
launch_runs impl_1 -jobs 10
wait_on_run impl_1
reset_run synth_1
launch_runs impl_1 -jobs 10
wait_on_run impl_1
reset_run synth_1
launch_runs impl_1 -jobs 10
wait_on_run impl_1
refresh_design
reset_run synth_1
launch_runs impl_1 -jobs 10
wait_on_run impl_1
reset_run synth_1
launch_runs impl_1 -jobs 10
wait_on_run impl_1
reset_run synth_1
launch_runs impl_1 -jobs 10
wait_on_run impl_1
reset_run synth_1
launch_runs impl_1 -jobs 10
wait_on_run impl_1
refresh_design
reset_run synth_1
launch_runs impl_1 -jobs 10
wait_on_run impl_1
refresh_design
reset_run synth_1
launch_runs impl_1 -jobs 10
wait_on_run impl_1
reset_run synth_1
launch_runs impl_1 -jobs 10
wait_on_run impl_1
refresh_design
reset_run synth_1
launch_runs impl_1 -jobs 10
wait_on_run impl_1
reset_run synth_1
launch_runs impl_1 -jobs 10
wait_on_run impl_1
refresh_design
reset_run synth_1
launch_runs impl_1 -jobs 10
wait_on_run impl_1
reset_run synth_1
launch_runs impl_1 -jobs 10
wait_on_run impl_1
refresh_design
reset_run synth_1
launch_runs impl_1 -jobs 10
wait_on_run impl_1
reset_run synth_1
launch_runs impl_1 -jobs 10
wait_on_run impl_1
refresh_design
reset_run synth_1
launch_runs impl_1 -jobs 10
wait_on_run impl_1
reset_run synth_1
launch_runs impl_1 -jobs 10
wait_on_run impl_1
refresh_design
reset_run synth_1
launch_runs impl_1 -jobs 10
wait_on_run impl_1
reset_run synth_1
launch_runs impl_1 -jobs 10
wait_on_run impl_1
reset_run synth_1
launch_runs impl_1 -jobs 10
wait_on_run impl_1
refresh_design
reset_run synth_1
launch_runs impl_1 -jobs 10
wait_on_run impl_1
reset_run impl_1
reset_run synth_1
launch_runs impl_1 -jobs 10
wait_on_run impl_1
refresh_design
reset_run synth_1
launch_runs impl_1 -jobs 10
wait_on_run impl_1
refresh_design
set_property is_enabled true [get_files  E:/xintu_work/ram/ram/ram.srcs/sources_1/new/sp_ram.v]
set_property is_enabled false [get_files  E:/xintu_work/ram/ram/ram.srcs/sources_1/new/tdp_ram.v]
reset_run synth_1
launch_runs impl_1 -jobs 10
wait_on_run impl_1
refresh_design
reset_run synth_1
launch_runs impl_1 -jobs 10
wait_on_run impl_1
refresh_design
reset_run synth_1
reset_run impl_1
launch_runs impl_1 -jobs 10
wait_on_run impl_1
refresh_design
reset_run synth_1
launch_runs impl_1 -jobs 10
wait_on_run impl_1
refresh_design
